
> ecocampus-monitor@0.0.0 build
> vite build

[36mvite v6.4.1 [32mbuilding for production...[36m[39m
transforming...
[32m✓[39m 690 modules transformed.
[31m✗[39m Build failed in 3.79s
[31merror during build:
[31mcomponents/Dashboard.tsx (5:33): "getSensorExpiry" is not exported by "types.ts", imported by "components/Dashboard.tsx".[31m
file: [36mC:/Users/Praveen kumar/Downloads/Eco-Campus-Monitor/components/Dashboard.tsx:5:33[31m
[33m
3:   AreaChart, Area, XAxis, YAxis, CartesianGrid, Tooltip, ResponsiveContainer
4: } from "recharts";
5: import { Reading, Sensor, Alert, getSensorExpiry } from "../types";
                                    ^
6: import { ICONS, COLORS } from "../constants";
7: import { getEnvironmentalInsights } from "../services/geminiService";
[31m
    at getRollupError (file:///C:/Users/Praveen%20kumar/Downloads/Eco-Campus-Monitor/node_modules/rollup/dist/es/shared/parseAst.js:402:41)
    at error (file:///C:/Users/Praveen%20kumar/Downloads/Eco-Campus-Monitor/node_modules/rollup/dist/es/shared/parseAst.js:398:42)
    at Module.error (file:///C:/Users/Praveen%20kumar/Downloads/Eco-Campus-Monitor/node_modules/rollup/dist/es/shared/node-entry.js:17040:16)
    at Module.traceVariable (file:///C:/Users/Praveen%20kumar/Downloads/Eco-Campus-Monitor/node_modules/rollup/dist/es/shared/node-entry.js:17452:29)
    at ModuleScope.findVariable (file:///C:/Users/Praveen%20kumar/Downloads/Eco-Campus-Monitor/node_modules/rollup/dist/es/shared/node-entry.js:15070:39)
    at ReturnValueScope.findVariable (file:///C:/Users/Praveen%20kumar/Downloads/Eco-Campus-Monitor/node_modules/rollup/dist/es/shared/node-entry.js:5673:38)
    at FunctionBodyScope.findVariable (file:///C:/Users/Praveen%20kumar/Downloads/Eco-Campus-Monitor/node_modules/rollup/dist/es/shared/node-entry.js:5673:38)
    at ReturnValueScope.findVariable (file:///C:/Users/Praveen%20kumar/Downloads/Eco-Campus-Monitor/node_modules/rollup/dist/es/shared/node-entry.js:5673:38)
    at FunctionBodyScope.findVariable (file:///C:/Users/Praveen%20kumar/Downloads/Eco-Campus-Monitor/node_modules/rollup/dist/es/shared/node-entry.js:5673:38)
    at Identifier.bind (file:///C:/Users/Praveen%20kumar/Downloads/Eco-Campus-Monitor/node_modules/rollup/dist/es/shared/node-entry.js:5447:40)[39m
